App.tsx(47,47): error TS2694: Namespace '"C:/Users/guilh/Desktop/LM Studio for android/node_modules/expo-file-system/build/index"' has no exported member 'DownloadResumable'.
App.tsx(96,34): error TS2339: Property 'documentDirectory' does not exist on type 'typeof import("C:/Users/guilh/Desktop/LM Studio for android/node_modules/expo-file-system/build/index")'.
